PLD Compiler Software:        PLA2JED.EXE    31/03/2000  [v4.02 ] 6.3 IR 35

<CYPRESSTAG name="Pinout" icon=FILE_RPT_PINOUT>
PINOUT INFORMATION   (11:29:07)
</CYPRESSTAG>
Messages:
  Information: Checking for duplicate NODE logic.
                 None.


                                 C22V10
                 __________________________________________
           a(3) =| 1|                                  |24|* not used       
           a(2) =| 2|                                  |23|= cout           
           a(1) =| 3|                                  |22|= s(3)           
           a(0) =| 4|                                  |21|= s(2)           
           b(3) =| 5|                                  |20|= s(1)           
           b(2) =| 6|                                  |19|= s(0)           
           b(1) =| 7|                                  |18|* not used       
           b(0) =| 8|                                  |17|* not used       
            cin =| 9|                                  |16|= (c_0)          
       not used *|10|                                  |15|= (c_1)          
       not used *|11|                                  |14|= (c_2)          
       not used *|12|                                  |13|* not used       
                 __________________________________________


Summary:
                 Error Count = 0      Warning Count = 0

Completed Successfully  
