PLD Compiler Software:        PLA2JED.EXE    31/03/2000  [v4.02 ] 6.3 IR 35

<CYPRESSTAG name="Pinout" icon=FILE_RPT_PINOUT>
PINOUT INFORMATION   (10:41:31)
</CYPRESSTAG>
Messages:
  Information: All signals pre-placed in user design.


                                 C22V10
                 __________________________________________
              a =| 1|                                  |24|* not used       
              b =| 2|                                  |23|= x1             
              c =| 3|                                  |22|= x2             
              d =| 4|                                  |21|= x4             
              e =| 5|                                  |20|= x5             
       not used *| 6|                                  |19|= x6             
       not used *| 7|                                  |18|= x3             
       not used *| 8|                                  |17|* not used       
       not used *| 9|                                  |16|* not used       
       not used *|10|                                  |15|* not used       
       not used *|11|                                  |14|* not used       
       not used *|12|                                  |13|* not used       
                 __________________________________________


Summary:
                 Error Count = 0      Warning Count = 0

Completed Successfully  
  Information: Checking for duplicate NODE logic.
